Source Address: 15000000
Destination Address: 14000000
Source Port: 8
Destination Port: 7
Fragment Offset: 5432
Packet Length: 36
Maximum Hop Count: 19
Checksum: 76325
Compression Scheme: 0
Traffic Class: 26
Payload: 90812 827982 -9123 7634 444444
